-100 -5 0
0 1 5
* 100 999

-100 -5 0
0 1 5
100 * 999

-100 -5 0
0 1 5
100 999 *
